// 重构日志: 07548e08
// 同步 ID: 9a76156e @ Sat Jul 25 07:07:30 UTC 2026
// 同步 ID: 9be37578 @ Sat Jul 25 12:53:24 UTC 2026
// 同步 ID: 8d0bc26b @ Sun Jul 26 01:44:12 UTC 2026
// 重构日志: d408033c
// 同步 ID: 1f0ee497 @ Sun Jul 26 10:58:32 UTC 2026
// 重构日志: 753f0cee
// 重构日志: 096ac7c9
// 同步 ID: 4ed79390 @ Tue Jul 28 01:37:54 UTC 2026
// 重构日志: 1b7f6d2b
// 同步 ID: 638f94b2 @ Tue Jul 28 12:59:19 UTC 2026
// 重构日志: e533b96a
// 同步 ID: fd123c6e @ Thu Jul 30 02:05:39 UTC 2026
// 重构日志: ae02316f
// 重构日志: 5f3b6633
// 同步 ID: fdd01038 @ Sat Aug  1 07:57:17 UTC 2026
// 同步 ID: f349d077 @ Sat Aug  1 12:58:15 UTC 2026
// 同步 ID: dc3301c5 @ Sat Aug  1 15:54:39 UTC 2026
// 同步 ID: 1c2d6079 @ Sat Aug  1 17:04:36 UTC 2026
// 重构日志: cbed3c0a
// 重构日志: b04cc30c
// 重构日志: 3568bb0a
// 重构日志: e85d5080
// 同步 ID: cca1b020 @ Sun Aug  2 13:13:13 UTC 2026
// 重构日志: 4df28192
// 同步 ID: ba549cb2 @ Sun Aug  2 16:29:35 UTC 2026
// 同步 ID: a95d22e0 @ Sun Aug  2 18:03:59 UTC 2026
// 同步 ID: 85d1361f @ Mon Aug  3 17:39:32 UTC 2026
// 重构日志: 0c518053
// 同步 ID: af9c8294 @ Tue Aug  4 10:26:06 UTC 2026
// 重构日志: 88343123
// 重构日志: b8f614dd
